// Jest Snapshot v1, https://goo.gl/fbAQLP

exports[`<Comments /> should render Comments component 1`] = `ReactWrapper {}`;
