// Jest Snapshot v1, https://goo.gl/fbAQLP

exports[`<Alert /> should render Navbar component 1`] = `ShallowWrapper {}`;
