// Jest Snapshot v1, https://goo.gl/fbAQLP

exports[`<TopNavbar /> should render TopNavbar component 1`] = `ShallowWrapper {}`;
