// Jest Snapshot v1, https://goo.gl/fbAQLP

exports[`<Continue /> should render Comments component 1`] = `ShallowWrapper {}`;
