// Jest Snapshot v1, https://goo.gl/fbAQLP

exports[`Render EditProfile component should render Edit component 1`] = `ShallowWrapper {}`;
