// Jest Snapshot v1, https://goo.gl/fbAQLP

exports[`Renders CreateArticleComponent should render feed component 1`] = `ReactWrapper {}`;
