// Jest Snapshot v1, https://goo.gl/fbAQLP

exports[`<Home /> should render Login component 1`] = `ShallowWrapper {}`;
