// Jest Snapshot v1, https://goo.gl/fbAQLP

exports[`Renders CreateArticleComponent should render messages component 1`] = `ShallowWrapper {}`;
