// Jest Snapshot v1, https://goo.gl/fbAQLP

exports[`Render NotFound Component to have wrapper class 1`] = `ShallowWrapper {}`;
