// Jest Snapshot v1, https://goo.gl/fbAQLP

exports[`<Routes /> should render App component 1`] = `ShallowWrapper {}`;
