// Jest Snapshot v1, https://goo.gl/fbAQLP

exports[`<ShareArticle /> should render Login component 1`] = `ShallowWrapper {}`;
