// Jest Snapshot v1, https://goo.gl/fbAQLP

exports[`Renders CreateArticleComponent should render ViewMore component 1`] = `ShallowWrapper {}`;
